// Jest Snapshot v1, https://goo.gl/fbAQLP

exports[`SEO renders correctly 1`] = `null`;
